Processing 2025 lec1隗｣遲・(2).pdf with OCR...
PDF loaded. Total pages: 57
Processing page 1/57...
Processing page 2/57...
Processing page 3/57...
Processing page 4/57...
Processing page 5/57...
Processing page 6/57...
Processing page 7/57...
Processing page 8/57...
Processing page 9/57...
Image too small to scale!! (2x48 vs min width of 3)
Processing page 10/57...
Line cannot be recognized!!
Processing page 11/57...
Processing page 12/57...
Processing page 13/57...
Image too small to scale!! (2x48 vs min width of 3)
Processing page 14/57...
Line cannot be recognized!!
Processing page 15/57...
Processing page 16/57...
Processing page 17/57...
Processing page 18/57...
Processing page 19/57...
Processing page 20/57...
Processing page 21/57...
Processing page 22/57...
Processing page 23/57...
Processing page 24/57...
Processing page 25/57...
Processing page 26/57...
Processing page 27/57...
Image too small to scale!! (2x48 vs min width of 3)
Processing page 28/57...
Line cannot be recognized!!
Processing page 29/57...
Processing page 30/57...
Image too small to scale!! (2x48 vs min width of 3)
Processing page 31/57...
Line cannot be recognized!!
Processing page 32/57...
Processing page 33/57...
Processing page 34/57...
Image too small to scale!! (2x48 vs min width of 3)
Processing page 35/57...
Line cannot be recognized!!
Image too small to scale!! (2x48 vs min width of 3)
Line cannot be recognized!!
Processing page 36/57...
Image too small to scale!! (2x48 vs min width of 3)
Line cannot be recognized!!
Processing page 37/57...
Image too small to scale!! (2x48 vs min width of 3)
Line cannot be recognized!!
Processing page 38/57...
Image too small to scale!! (2x48 vs min width of 3)
Line cannot be recognized!!
Processing page 39/57...
Processing page 40/57...
Processing page 41/57...
Processing page 42/57...
Processing page 43/57...
Processing page 44/57...
Processing page 45/57...
Image too small to scale!! (1x48 vs min width of 3)
Processing page 46/57...
Line cannot be recognized!!
Processing page 47/57...
Processing page 48/57...
Processing page 49/57...
Processing page 50/57...
Image too small to scale!! (1x48 vs min width of 3)
Processing page 51/57...
Line cannot be recognized!!
Processing page 52/57...
Image too small to scale!! (2x48 vs min width of 3)
Line cannot be recognized!!
Processing page 53/57...
Processing page 54/57...
Processing page 55/57...
Processing page 56/57...
Processing page 57/57...
OCR Complete.
Detected Category: 諞ｲ豕・- 諞ｲ豕・Saved Markdown to C:\Users\teras\OneDrive\繝・せ繧ｯ繝医ャ繝予閾ｪ菴懊い繝励Μ\gyosei-quest-small\data\bonus\2025 lec1隗｣遲・(2).md
Regenerating bonus_questions.js from stored MD files...
Updated C:\Users\teras\OneDrive\繝・せ繧ｯ繝医ャ繝予閾ｪ菴懊い繝励Μ\gyosei-quest-small\src\bonus_questions.js
