[dotenv@17.2.3] injecting env (4) from .env -- tip: 笞呻ｸ・ override existing env vars with { override: true }
Syncing Quiz questions from: 17JnEROPXhPt6j7DmmwTHDlFilMirhd9bnpOJ7gBixxs
[DEBUG] Found Sheet: 邱擾ｼ・Skipping unmapped sheet: 邱擾ｼ・[DEBUG] Found Sheet: 邱擾ｼ・Skipping unmapped sheet: 邱擾ｼ・[DEBUG] Found Sheet: 邱擾ｼ・Skipping unmapped sheet: 邱擾ｼ・[DEBUG] Found Sheet: 邱擾ｼ・Skipping unmapped sheet: 邱擾ｼ・[DEBUG] Found Sheet: 邱擾ｼ・Skipping unmapped sheet: 邱擾ｼ・[DEBUG] Found Sheet: 邱擾ｼ・Skipping unmapped sheet: 邱擾ｼ・[DEBUG] Found Sheet: 邱・
Skipping unmapped sheet: 邱・
[DEBUG] Found Sheet: 邱擾ｼ・Skipping unmapped sheet: 邱擾ｼ・[DEBUG] Found Sheet: 邱擾ｼ・Skipping unmapped sheet: 邱擾ｼ・[DEBUG] Found Sheet: 邱擾ｼ托ｼ・Skipping unmapped sheet: 邱擾ｼ托ｼ・[DEBUG] Found Sheet: 隗｣隱ｬ雉・侭・郁｡梧帆豕慕ｷ剰ｫ厄ｼ・Skipping non-problem sheet: 隗｣隱ｬ雉・侭・郁｡梧帆豕慕ｷ剰ｫ厄ｼ・[DEBUG] Found Sheet: 陦梧帆莉｣蝓ｷ陦梧ｳ・Skipping unmapped sheet: 陦梧帆莉｣蝓ｷ陦梧ｳ・[DEBUG] Found Sheet: 陦梧帆豕慕ｷ剰ｫ・Processing 陦梧帆豕慕ｷ剰ｫ・-> Default: [陦梧帆豕評 陦梧帆豕慕ｷ剰ｫ・..
[DEBUG] Processing Sheet: 陦梧帆豕慕ｷ剰ｫ・(188 rows)
[DEBUG] Found Sheet: 隗｣隱ｬ雉・侭・郁｡梧焔・・Skipping non-problem sheet: 隗｣隱ｬ雉・侭・郁｡梧焔・・[DEBUG] Found Sheet: 陦梧帆謇狗ｶ壽ｳ・Processing 陦梧帆謇狗ｶ壽ｳ・-> Default: [陦梧帆豕評 陦梧帆謇狗ｶ壽ｳ・..
[DEBUG] Processing Sheet: 陦梧帆謇狗ｶ壽ｳ・(182 rows)
[DEBUG] Found Sheet: 隗｣隱ｬ雉・侭・郁｡悟ｯｩ・・Skipping non-problem sheet: 隗｣隱ｬ雉・侭・郁｡悟ｯｩ・・[DEBUG] Found Sheet: 陦梧帆荳肴恪蟇ｩ譟ｻ豕・Processing 陦梧帆荳肴恪蟇ｩ譟ｻ豕・-> Default: [陦梧帆豕評 陦梧帆荳肴恪蟇ｩ譟ｻ豕・..
[DEBUG] Processing Sheet: 陦梧帆荳肴恪蟇ｩ譟ｻ豕・(165 rows)
[DEBUG] Found Sheet: 隗｣隱ｬ雉・侭・郁｡瑚ｨｴ・・Skipping non-problem sheet: 隗｣隱ｬ雉・侭・郁｡瑚ｨｴ・・[DEBUG] Found Sheet: 陦梧帆莠倶ｻｶ險ｴ險滓ｳ・Processing 陦梧帆莠倶ｻｶ險ｴ險滓ｳ・-> Default: [陦梧帆豕評 陦梧帆莠倶ｻｶ險ｴ險滓ｳ・..
[DEBUG] Processing Sheet: 陦梧帆莠倶ｻｶ險ｴ險滓ｳ・(197 rows)
[DEBUG] Found Sheet: 隗｣隱ｬ雉・侭・亥嵜雉・・Skipping non-problem sheet: 隗｣隱ｬ雉・侭・亥嵜雉・・[DEBUG] Found Sheet: 蝗ｽ螳ｶ雉蜆滓ｳ・Processing 蝗ｽ螳ｶ雉蜆滓ｳ・-> Default: [陦梧帆豕評 蝗ｽ螳ｶ雉蜆滓ｳ輔・謳榊､ｱ險ｴ險・..
[DEBUG] Processing Sheet: 蝗ｽ螳ｶ雉蜆滓ｳ・(100 rows)
[DEBUG] Found Sheet: 隗｣隱ｬ雉・侭・亥慍譁ｹ閾ｪ豐ｻ豕包ｼ・Skipping non-problem sheet: 隗｣隱ｬ雉・侭・亥慍譁ｹ閾ｪ豐ｻ豕包ｼ・[DEBUG] Found Sheet: 蝨ｰ譁ｹ閾ｪ豐ｻ豕・Processing 蝨ｰ譁ｹ閾ｪ豐ｻ豕・-> Default: [陦梧帆豕評 蝨ｰ譁ｹ閾ｪ豐ｻ豕・..
[DEBUG] Processing Sheet: 蝨ｰ譁ｹ閾ｪ豐ｻ豕・(209 rows)
[DEBUG] Found Sheet: 陦梧帆豕慕ｷ丞粋
Processing 陦梧帆豕慕ｷ丞粋 -> Default: [陦梧帆豕評 陦梧帆豕慕ｷ丞粋...
[DEBUG] Processing Sheet: 陦梧帆豕慕ｷ丞粋 (73 rows)
[DEBUG] Found Sheet: 隗｣隱ｬ雉・侭・育ｷ丞援・・Skipping non-problem sheet: 隗｣隱ｬ雉・侭・育ｷ丞援・・[DEBUG] Found Sheet: 豌第ｳ慕ｷ剰ｫ・Processing 豌第ｳ慕ｷ剰ｫ・-> Default: [豌第ｳ評 豌第ｳ慕ｷ丞援...
[DEBUG] Processing Sheet: 豌第ｳ慕ｷ剰ｫ・(133 rows)
[DEBUG] Found Sheet: 隗｣隱ｬ雉・侭・育黄讓ｩ・・Skipping non-problem sheet: 隗｣隱ｬ雉・侭・育黄讓ｩ・・[DEBUG] Found Sheet: 豌第ｳ慕黄讓ｩ
Processing 豌第ｳ慕黄讓ｩ -> Default: [豌第ｳ評 豌第ｳ慕黄讓ｩ...
[DEBUG] Processing Sheet: 豌第ｳ慕黄讓ｩ (140 rows)
[DEBUG] Found Sheet: 隗｣隱ｬ雉・侭・亥し讓ｩ邱剰ｫ厄ｼ・Skipping non-problem sheet: 隗｣隱ｬ雉・侭・亥し讓ｩ邱剰ｫ厄ｼ・[DEBUG] Found Sheet: 蛯ｵ讓ｩ邱剰ｫ・Processing 蛯ｵ讓ｩ邱剰ｫ・-> Default: [豌第ｳ評 蛯ｵ讓ｩ邱剰ｫ・..
[DEBUG] Processing Sheet: 蛯ｵ讓ｩ邱剰ｫ・(101 rows)
[DEBUG] Found Sheet: 隗｣隱ｬ雉・侭・亥し讓ｩ蜷・ｫ厄ｼ・Skipping non-problem sheet: 隗｣隱ｬ雉・侭・亥し讓ｩ蜷・ｫ厄ｼ・[DEBUG] Found Sheet: 蛯ｵ讓ｩ蜷・ｫ・Processing 蛯ｵ讓ｩ蜷・ｫ・-> Default: [豌第ｳ評 蛯ｵ讓ｩ蜷・ｫ・..
[DEBUG] Processing Sheet: 蛯ｵ讓ｩ蜷・ｫ・(130 rows)
[DEBUG] Found Sheet: 隗｣隱ｬ雉・侭・亥ｮｶ譌擾ｼ・Skipping non-problem sheet: 隗｣隱ｬ雉・侭・亥ｮｶ譌擾ｼ・[DEBUG] Found Sheet: 隗｣隱ｬ雉・侭・亥ｮｶ譌乗ｳ包ｼ・Skipping non-problem sheet: 隗｣隱ｬ雉・侭・亥ｮｶ譌乗ｳ包ｼ・[DEBUG] Found Sheet: 螳ｶ譌乗ｳ・Processing 螳ｶ譌乗ｳ・-> Default: [豌第ｳ評 螳ｶ譌乗ｳ・..
[DEBUG] Processing Sheet: 螳ｶ譌乗ｳ・(70 rows)
[DEBUG] Found Sheet: 豌第ｳ募・闊ｬ
Processing 豌第ｳ募・闊ｬ -> Default: [豌第ｳ評 豌第ｳ慕ｷ丞粋...
[DEBUG] Processing Sheet: 豌第ｳ募・闊ｬ (11 rows)
[DEBUG] Found Sheet: 隗｣隱ｬ雉・侭・域・豕墓擅譁・ｼ・Skipping non-problem sheet: 隗｣隱ｬ雉・侭・域・豕墓擅譁・ｼ・[DEBUG] Found Sheet: 隗｣隱ｬ雉・侭・域・豕募愛萓具ｼ・Skipping non-problem sheet: 隗｣隱ｬ雉・侭・域・豕募愛萓具ｼ・[DEBUG] Found Sheet: 諞ｲ豕・Processing 諞ｲ豕・-> Default: [諞ｲ豕評 諞ｲ豕・..
[DEBUG] Processing Sheet: 諞ｲ豕・(277 rows)
[DEBUG] 閾ｪ陦幃嚏蝓ｺ蝨ｰ: valL= "・包ｼ趣ｼ托ｼ趣ｼ抵ｼ趣ｼ難ｼ趣ｼ費ｼ・ valLFromCont= null valLUse= "・包ｼ趣ｼ托ｼ趣ｼ抵ｼ趣ｼ難ｼ趣ｼ費ｼ・ finalAnswer= [] isReorder= false choices= 5
[DEBUG] Found Sheet: 隗｣隱ｬ雉・侭・亥膚繝ｻ莨夲ｼ・Skipping non-problem sheet: 隗｣隱ｬ雉・侭・亥膚繝ｻ莨夲ｼ・[DEBUG] Found Sheet: 蝠・ｳ輔・莨夂､ｾ豕・Processing 蝠・ｳ輔・莨夂､ｾ豕・-> Default: [蝠・ｳ輔・莨夂､ｾ豕評 蝠・ｳ輔・莨夂､ｾ豕・..
[DEBUG] Processing Sheet: 蝠・ｳ輔・莨夂､ｾ豕・(251 rows)
[DEBUG] Found Sheet: 蝓ｺ遉取ｳ募ｭｦ
Processing 蝓ｺ遉取ｳ募ｭｦ -> Default: [蝓ｺ遉取ｳ募ｭｦ] 蝓ｺ遉取ｳ募ｭｦ...
[DEBUG] Processing Sheet: 蝓ｺ遉取ｳ募ｭｦ (51 rows)
[DEBUG] Found Sheet: 螟夊い驕ｸ謚樊・豕・Processing 螟夊い驕ｸ謚樊・豕・-> Default: [螟夊い驕ｸ謚枉 諞ｲ豕・..
[DEBUG] Processing Sheet: 螟夊い驕ｸ謚樊・豕・(30 rows)
[DEBUG] Found Sheet: 螟夊い驕ｸ謚櫁｡梧帆豕・Processing 螟夊い驕ｸ謚櫁｡梧帆豕・-> Default: [螟夊い驕ｸ謚枉 陦梧帆豕・..
[DEBUG] Processing Sheet: 螟夊い驕ｸ謚櫁｡梧帆豕・(51 rows)
[DEBUG] Found Sheet: 豌第ｳ戊ｨ倩ｿｰ
Processing 豌第ｳ戊ｨ倩ｿｰ -> Default: [險倩ｿｰ] 豌第ｳ・..
[DEBUG] Processing Sheet: 豌第ｳ戊ｨ倩ｿｰ (96 rows)
[DEBUG] Found Sheet: 陦梧帆豕戊ｨ倩ｿｰ
Processing 陦梧帆豕戊ｨ倩ｿｰ -> Default: [險倩ｿｰ] 陦梧帆豕・..
[DEBUG] Processing Sheet: 陦梧帆豕戊ｨ倩ｿｰ (77 rows)
Syncing Resources and Statutes...
Skip 隗｣隱ｬ雉・侭: Unable to parse range: 隗｣隱ｬ雉・侭!A:F
Synced to C:\dev\gyosei-quest-small\src\questions.js
