[dotenv@17.2.3] injecting env (5) from .env -- tip: 笞呻ｸ・ specify custom .env file path with { path: '/custom/path/.env' }
遨ｺM: 113 莉ｶ / 繝ｦ繝九・繧ｯI蛻・ 61 / 蜿り・ M2
蜀榊茜逕ｨ: 譛蛻､譏ｭ・難ｼ厄ｼ趣ｼ費ｼ趣ｼ抵ｼ・竊・R4

逕滓・: 譛蛻､譏ｭ・包ｼ難ｼ趣ｼ厄ｼ趣ｼ托ｼ・(R5)窶ｦ
  笨・2493 譁・ｭ・
逕滓・: 譛蛻､蟷ｳ・抵ｼ托ｼ趣ｼ抵ｼ抵ｼ趣ｼ抵ｼ・(R7)窶ｦ
  笨・2680 譁・ｭ・
逕滓・: 譛蛻､蟷ｳ・托ｼ費ｼ趣ｼ托ｼ趣ｼ托ｼ・(R8)窶ｦ
  笨・2587 譁・ｭ・
逕滓・: 譛蛻､蟷ｳ・托ｼ暦ｼ趣ｼ暦ｼ趣ｼ托ｼ・(R9)窶ｦ
  笨・2513 譁・ｭ・
逕滓・: 譛蛻､蟷ｳ・抵ｼ撰ｼ趣ｼ呻ｼ趣ｼ托ｼ・(R10)窶ｦ
  笨・2661 譁・ｭ・
逕滓・: 譛蛻､譏ｭ・包ｼ暦ｼ趣ｼ費ｼ趣ｼ抵ｼ・(R11)窶ｦ
  笨・2570 譁・ｭ・
逕滓・: 譛蛻､蟷ｳ・暦ｼ趣ｼ難ｼ趣ｼ抵ｼ・(R13)窶ｦ
  笨・2454 譁・ｭ・蜀榊茜逕ｨ: 譛蛻､譏ｭ・包ｼ暦ｼ趣ｼ費ｼ趣ｼ抵ｼ・竊・R14
蜀榊茜逕ｨ: 譛蛻､蟷ｳ・抵ｼ撰ｼ趣ｼ呻ｼ趣ｼ托ｼ・竊・R15

逕滓・: 譛蛻､蟷ｳ・托ｼ假ｼ趣ｼ暦ｼ趣ｼ托ｼ・(R16)窶ｦ
  笨・2785 譁・ｭ・
逕滓・: 譛蛻､蟷ｳ・抵ｼ托ｼ趣ｼ托ｼ托ｼ趣ｼ抵ｼ・(R17)窶ｦ
  笨・2766 譁・ｭ・
逕滓・: 譛蛻､蟷ｳ・托ｼ暦ｼ趣ｼ費ｼ趣ｼ托ｼ・(R20)窶ｦ
  笨・2604 譁・ｭ・蜀榊茜逕ｨ: 譛蛻､蟷ｳ・托ｼ費ｼ趣ｼ托ｼ趣ｼ托ｼ・竊・R21

逕滓・: 譛蛻､蟷ｳ・托ｼ包ｼ趣ｼ呻ｼ趣ｼ・(R22)窶ｦ
  笨・2624 譁・ｭ・
逕滓・: 譛蛻､蟷ｳ・托ｼ托ｼ趣ｼ托ｼ趣ｼ抵ｼ・(R23)窶ｦ
  笨・1977 譁・ｭ・蜀榊茜逕ｨ: 譛蛻､譏ｭ・包ｼ暦ｼ趣ｼ費ｼ趣ｼ抵ｼ・竊・R24

逕滓・: 譛蛻､蟷ｳ蜈・ｼ趣ｼ費ｼ趣ｼ托ｼ・(R25)窶ｦ
  笨・2876 譁・ｭ・
逕滓・: 譛蛻､蟷ｳ蜈・ｼ趣ｼ厄ｼ趣ｼ抵ｼ・(R26)窶ｦ
  笨・2540 譁・ｭ・
逕滓・: 譛蛻､譏ｭ・包ｼ難ｼ趣ｼ難ｼ趣ｼ托ｼ・(R27)窶ｦ
  笨・2612 譁・ｭ・
逕滓・: 譛蛻､蟷ｳ蜈・ｼ趣ｼ抵ｼ趣ｼ托ｼ・(R28)窶ｦ
  笨・2568 譁・ｭ・
逕滓・: 譛蛻､蟷ｳ・托ｼ暦ｼ趣ｼ托ｼ抵ｼ趣ｼ・(R29)窶ｦ
  笨・3012 譁・ｭ・
逕滓・: 譛蛻､譏ｭ・包ｼ暦ｼ趣ｼ呻ｼ趣ｼ・(R30)窶ｦ
  笨・2536 譁・ｭ・
逕滓・: 譛蛻､蟷ｳ・費ｼ趣ｼ托ｼ趣ｼ抵ｼ・(R31)窶ｦ
  笨・2909 譁・ｭ・
逕滓・: 譛蛻､譏ｭ・包ｼ呻ｼ趣ｼ托ｼ撰ｼ趣ｼ抵ｼ・(R32)窶ｦ
  笨・2631 譁・ｭ・
逕滓・: 譛蛻､譏ｭ・抵ｼ暦ｼ趣ｼ托ｼ抵ｼ趣ｼ托ｼ・(R33)窶ｦ
  笨・2729 譁・ｭ・
逕滓・: 譛蛻､譏ｭ・費ｼ撰ｼ趣ｼ費ｼ趣ｼ抵ｼ・(R34)窶ｦ
  笨・2341 譁・ｭ・蜀榊茜逕ｨ: 譛蛻､譏ｭ・包ｼ暦ｼ趣ｼ呻ｼ趣ｼ・竊・R35

逕滓・: 譛蛻､蟷ｳ・托ｼ費ｼ趣ｼ抵ｼ趣ｼ抵ｼ・(R36)窶ｦ
  笨・2698 譁・ｭ・
逕滓・: 譛蛻､譏ｭ・包ｼ包ｼ趣ｼ托ｼ托ｼ趣ｼ抵ｼ・(R37)窶ｦ
  笨・2542 譁・ｭ・蜀榊茜逕ｨ: 譛蛻､蟷ｳ・抵ｼ托ｼ趣ｼ托ｼ托ｼ趣ｼ抵ｼ・竊・R38

逕滓・: 譛蛻､譏ｭ・費ｼ抵ｼ趣ｼ包ｼ趣ｼ抵ｼ・(R39)窶ｦ
  笨・2543 譁・ｭ・蜀榊茜逕ｨ: 譛蛻､譏ｭ・費ｼ抵ｼ趣ｼ包ｼ趣ｼ抵ｼ・竊・R40
蜀榊茜逕ｨ: 譛蛻､譏ｭ・費ｼ抵ｼ趣ｼ包ｼ趣ｼ抵ｼ・竊・R41
蜀榊茜逕ｨ: 譛蛻､譏ｭ・費ｼ抵ｼ趣ｼ包ｼ趣ｼ抵ｼ・竊・R42
蜀榊茜逕ｨ: 譛蛻､譏ｭ・費ｼ抵ｼ趣ｼ包ｼ趣ｼ抵ｼ・竊・R43

逕滓・: ・亥叙豸医＠縺ｮ逅・罰縺ｮ蛻ｶ髯撰ｼ・(R44)窶ｦ
  笨・2559 譁・ｭ・
逕滓・: ・育┌蜉ｹ遲臥｢ｺ隱阪・險ｴ縺医・蜴溷相驕ｩ譬ｼ・・(R45)窶ｦ
  笨・2263 譁・ｭ・
逕滓・: ・亥次蜻企←譬ｼ・・(R46)窶ｦ
  笨・2709 譁・ｭ・
逕滓・: ・井ｸ堺ｽ懃ぜ縺ｮ驕墓ｳ慕｢ｺ隱阪・險ｴ縺医・蜴溷相驕ｩ譬ｼ・・(R47)窶ｦ
  笨・2326 譁・ｭ・
逕滓・: ・域ｰ題｡・ｨｴ險滂ｼ・(R48)窶ｦ
  笨・2373 譁・ｭ・
逕滓・: 譚ｱ莠ｬ蝨ｰ蛻､譏ｭ・費ｼ托ｼ趣ｼ托ｼ撰ｼ趣ｼ・(R49)窶ｦ
  笨・2229 譁・ｭ・
逕滓・: ・郁｢ｫ蜻企←譬ｼ遲会ｼ・(R53)窶ｦ

逕滓・: ・郁｢ｫ蜻企←譬ｼ遲会ｼ・(R54)窶ｦ
  笨・竭竭｡竭｢讒区・縺御ｸ崎ｶｳ
  笨・2489 譁・ｭ・蜀榊茜逕ｨ: ・郁｢ｫ蜻企←譬ｼ遲会ｼ・竊・R55

逕滓・: ・育ｾｩ蜍吩ｻ倥￠縺ｮ險ｴ縺医・隕∽ｻｶ遲会ｼ・(R56)窶ｦ
  笨・2655 譁・ｭ・
逕滓・: ・郁｡梧帆蠎√・險ｴ險溷盾蜉・・(R57)窶ｦ
  笨・2566 譁・ｭ・蜀榊茜逕ｨ: ・郁｢ｫ蜻企←譬ｼ遲会ｼ・竊・R59

逕滓・: ・育ｮ｡霓・ｼ・(R60)窶ｦ
  笨・2591 譁・ｭ・蜀榊茜逕ｨ: ・郁｢ｫ蜻企←譬ｼ遲会ｼ・竊・R61

逕滓・: ・育ｬｬ荳芽・・險ｴ險溷盾蜉・・(R62)窶ｦ
  笨・2501 譁・ｭ・
逕滓・: ・亥・蛻・・蜿匁ｶ医＠縺ｮ險ｴ縺医→蟇ｩ譟ｻ隲区ｱゅ→縺ｮ髢｢菫ゑｼ・(R63)窶ｦ
  笨・2746 譁・ｭ・
逕滓・: ・育音蛻･縺ｮ莠区ュ縺ｫ繧医ｋ隲区ｱゅ・譽・唆・・(R67)窶ｦ
  笨・2912 譁・ｭ・蜀榊茜逕ｨ: ・育音蛻･縺ｮ莠区ュ縺ｫ繧医ｋ隲区ｱゅ・譽・唆・・竊・R68
蜀榊茜逕ｨ: ・育音蛻･縺ｮ莠区ュ縺ｫ繧医ｋ隲区ｱゅ・譽・唆・・竊・R69
蜀榊茜逕ｨ: 譛蛻､蟷ｳ・費ｼ趣ｼ托ｼ趣ｼ抵ｼ・竊・R71

逕滓・: ・亥叙豸亥愛豎ｺ遲峨・蜉ｹ蜉幢ｼ・(R75)窶ｦ
  笨・2513 譁・ｭ・
逕滓・: 隨ｬ荳牙香荳画擅 (R76)窶ｦ
  笨・2554 譁・ｭ・蜀榊茜逕ｨ: 隨ｬ荳牙香荳画擅 竊・R77
蜀榊茜逕ｨ: 隨ｬ荳牙香荳画擅 竊・R78
蜀榊茜逕ｨ: 隨ｬ荳牙香荳画擅 竊・R79

逕滓・: ・亥濤陦悟●豁｢・・(R90)窶ｦ
  笨・2635 譁・ｭ・蜀榊茜逕ｨ: ・亥濤陦悟●豁｢・・竊・R92
蜀榊茜逕ｨ: ・亥濤陦悟●豁｢・・竊・R93
蜀榊茜逕ｨ: ・亥濤陦悟●豁｢・・竊・R103
蜀榊茜逕ｨ: ・亥濤陦悟●豁｢・・竊・R104
蜀榊茜逕ｨ: ・亥濤陦悟●豁｢・・竊・R105
蜀榊茜逕ｨ: ・亥濤陦悟●豁｢・・竊・R107
蜀榊茜逕ｨ: ・亥次蜻企←譬ｼ・・竊・R111

逕滓・: 隨ｬ荳遽蜿匁ｶ郁ｨｴ險・(R112)窶ｦ
  笨・2431 譁・ｭ・蜀榊茜逕ｨ: ・亥濤陦悟●豁｢・・竊・R113
蜀榊茜逕ｨ: ・育┌蜉ｹ遲臥｢ｺ隱阪・險ｴ縺医・蜴溷相驕ｩ譬ｼ・・竊・R114

逕滓・: 隨ｬ荳牙香荳・擅縺ｮ荳・(R115)窶ｦ
  笨・2494 譁・ｭ・
逕滓・: ・域蒲蜻願ｨｴ險滂ｼ・(R116)窶ｦ
  笨・2749 譁・ｭ・蜀榊茜逕ｨ: ・亥叙豸亥愛豎ｺ遲峨・蜉ｹ蜉幢ｼ・竊・R117

逕滓・: ・井ｻｮ縺ｮ鄒ｩ蜍吩ｻ倥￠蜿翫・莉ｮ縺ｮ蟾ｮ豁｢繧・ｼ・(R118)窶ｦ
  笨・2332 譁・ｭ・蜀榊茜逕ｨ: ・育ｾｩ蜍吩ｻ倥￠縺ｮ險ｴ縺医・隕∽ｻｶ遲会ｼ・竊・R119

逕滓・: 譛蛻､蟷ｳ・抵ｼ假ｼ趣ｼ托ｼ抵ｼ趣ｼ・(R120)窶ｦ
  笨・2868 譁・ｭ・蜀榊茜逕ｨ: ・井ｻｮ縺ｮ鄒ｩ蜍吩ｻ倥￠蜿翫・莉ｮ縺ｮ蟾ｮ豁｢繧・ｼ・竊・R122
蜀榊茜逕ｨ: ・井ｻｮ縺ｮ鄒ｩ蜍吩ｻ倥￠蜿翫・莉ｮ縺ｮ蟾ｮ豁｢繧・ｼ・竊・R123
蜀榊茜逕ｨ: ・井ｻｮ縺ｮ鄒ｩ蜍吩ｻ倥￠蜿翫・莉ｮ縺ｮ蟾ｮ豁｢繧・ｼ・竊・R124
蜀榊茜逕ｨ: ・井ｻｮ縺ｮ鄒ｩ蜍吩ｻ倥￠蜿翫・莉ｮ縺ｮ蟾ｮ豁｢繧・ｼ・竊・R125

逕滓・: 譛蛻､譏ｭ・包ｼ厄ｼ趣ｼ托ｼ抵ｼ趣ｼ托ｼ・(R127)窶ｦ
  笨・3127 譁・ｭ・
逕滓・: 譛蛻､蟷ｳ・托ｼ難ｼ趣ｼ暦ｼ趣ｼ托ｼ・(R128)窶ｦ
  笨・2593 譁・ｭ・
逕滓・: 譛蛻､蟷ｳ・抵ｼ托ｼ趣ｼ托ｼ撰ｼ趣ｼ抵ｼ・(R130)窶ｦ
  笨・2538 譁・ｭ・蜀榊茜逕ｨ: 隨ｬ荳牙香荳画擅 竊・R139
蜀榊茜逕ｨ: ・域蒲蜻願ｨｴ險滂ｼ・竊・R140

逕滓・: ・亥・險ｴ譛滄俣縺ｮ螳壹ａ縺後≠繧句ｽ謎ｺ玖・ｨｴ險滂ｼ・(R142)窶ｦ
  笨・2572 譁・ｭ・蜀榊茜逕ｨ: ・域蒲蜻願ｨｴ險滂ｼ・竊・R149
蜀榊茜逕ｨ: ・域蒲蜻願ｨｴ險滂ｼ・竊・R152
蜀榊茜逕ｨ: ・亥濤陦悟●豁｢・・竊・R153

逕滓・: ・亥・險ｴ譛滄俣・・(R156)窶ｦ
  笨・2517 譁・ｭ・蜀榊茜逕ｨ: ・亥・險ｴ譛滄俣・・竊・R157

逕滓・: ・亥叙豸郁ｨｴ險溘↓髢｢縺吶ｋ隕丞ｮ壹・貅也畑・・(R158)窶ｦ
  笨・2563 譁・ｭ・蜀榊茜逕ｨ: ・亥叙豸郁ｨｴ險溘↓髢｢縺吶ｋ隕丞ｮ壹・貅也畑・・竊・R159
蜀榊茜逕ｨ: ・亥叙豸郁ｨｴ險溘↓髢｢縺吶ｋ隕丞ｮ壹・貅也畑・・竊・R160
蜀榊茜逕ｨ: ・郁｡梧帆蠎√・險ｴ險溷盾蜉・・竊・R161

逕滓・: ・郁・讓ｩ險ｼ諡隱ｿ縺ｹ・・(R162)窶ｦ
  笨・2819 譁・ｭ・蜀榊茜逕ｨ: ・亥叙豸医＠縺ｮ逅・罰縺ｮ蛻ｶ髯撰ｼ・竊・R163
蜀榊茜逕ｨ: 隨ｬ荳牙香荳・擅縺ｮ荳・竊・R165
蜀榊茜逕ｨ: 隨ｬ荳牙香荳画擅 竊・R167
蜀榊茜逕ｨ: ・郁｡梧帆蠎√・險ｴ險溷盾蜉・・竊・R169

逕滓・: ・亥叙豸郁ｨｴ險溽ｭ峨・謠占ｵｷ縺ｫ髢｢縺吶ｋ莠矩・・謨咏､ｺ・・(R170)窶ｦ
  笨・2556 譁・ｭ・
逕滓・: 譛蛻､蟷ｳ・抵ｼ抵ｼ趣ｼ厄ｼ趣ｼ・(R173)窶ｦ
  笨・2495 譁・ｭ・
逕滓・: 譛蛻､譏ｭ・費ｼ包ｼ趣ｼ暦ｼ趣ｼ托ｼ・(R174)窶ｦ
  笨・2392 譁・ｭ・
逕滓・: 譛蛻､譏ｭ・費ｼ趣ｼ呻ｼ趣ｼ抵ｼ・(R175)窶ｦ
  笨・2602 譁・ｭ・
逕滓・: 譛蛻､蟷ｳ・抵ｼ撰ｼ趣ｼ托ｼ撰ｼ趣ｼ托ｼ・(R176)窶ｦ
  笨・2414 譁・ｭ・蜀榊茜逕ｨ: 譛蛻､蟷ｳ・托ｼ暦ｼ趣ｼ費ｼ趣ｼ托ｼ・竊・R177

逕滓・: 譚ｱ莠ｬ蝨ｰ蛻､譏ｭ・包ｼ費ｼ趣ｼ假ｼ趣ｼ抵ｼ・(R178)窶ｦ
  笨・2566 譁・ｭ・蜀榊茜逕ｨ: ・亥・險ｴ譛滄俣・・竊・R188
蜀榊茜逕ｨ: ・亥叙豸郁ｨｴ險溽ｭ峨・謠占ｵｷ縺ｫ髢｢縺吶ｋ莠矩・・謨咏､ｺ・・竊・R189
蜀榊茜逕ｨ: ・亥濤陦悟●豁｢・・竊・R191

逕滓・: ・亥嵜蜿医・蜈ｬ蜈ｱ蝗｣菴薙↓蟇ｾ縺吶ｋ隲区ｱゅ∈縺ｮ險ｴ縺医・螟画峩・・(R195)窶ｦ
  笨・2402 譁・ｭ・
菫晏ｭ・ scripts\output\gyoso-m-updates.json (112 陦・
譁ｰ隕冗函謌・ 60 / 繧ｭ繝｣繝・す繝･: 61 繧ｭ繝ｼ
繧ｷ繝ｼ繝域悴譖ｸ霎ｼ・・-write 縺ｾ縺溘・謇句虚雋ｼ莉假ｼ峨Ｏpm run sync:questions 縺ｧ蜿冶ｾｼ蜿ｯ縲・
